2026-04-15 17:11:05 - INFO: ---------------------------Main Running----------------------------------
2026-04-15 17:11:05 - INFO: Starting fpl_data_to_db
2026-04-15 17:11:05 - INFO: Finished fpl_data_to_db
2026-04-15 17:11:05 - INFO: Starting table_scrap
2026-04-15 17:11:05 - INFO: Finished table_scrap
2026-04-15 17:11:05 - INFO: Starting team_stats_scrap
2026-04-15 17:11:48 - INFO: ---------------------------Main Running----------------------------------
2026-04-15 17:11:48 - INFO: Starting fpl_data_to_db
2026-04-15 17:11:48 - INFO: Finished fpl_data_to_db
2026-04-15 17:11:48 - INFO: Starting table_scrap
2026-04-15 17:11:48 - INFO: Finished table_scrap
2026-04-15 17:11:48 - INFO: Starting team_stats_scrap
2026-04-15 17:13:01 - INFO: ---------------------------Main Running----------------------------------
2026-04-15 17:13:01 - INFO: Starting fpl_data_to_db
2026-04-15 17:13:01 - INFO: Finished fpl_data_to_db
2026-04-15 17:13:01 - INFO: Starting table_scrap
2026-04-15 17:13:01 - INFO: Finished table_scrap
2026-04-15 17:13:01 - INFO: Starting team_stats_scrap
2026-04-15 17:20:45 - INFO: ---------------------------Main Running----------------------------------
2026-04-15 17:20:45 - INFO: Starting fpl_data_to_db
2026-04-15 17:20:45 - INFO: Finished fpl_data_to_db
2026-04-15 17:20:45 - INFO: Starting table_scrap
2026-04-15 17:20:45 - INFO: Finished table_scrap
2026-04-15 17:20:45 - INFO: Starting team_stats_scrap
2026-04-15 17:35:10 - INFO: ---------------------------Main Running----------------------------------
2026-04-15 17:35:10 - INFO: Starting fpl_data_to_db
2026-04-15 17:35:10 - INFO: Finished fpl_data_to_db
2026-04-15 17:35:10 - INFO: Starting table_scrap
2026-04-15 17:35:10 - INFO: Finished table_scrap
2026-04-15 17:35:10 - INFO: Starting team_stats_scrap
2026-04-15 17:39:46 - INFO: ---------------------------Main Running----------------------------------
2026-04-15 17:39:46 - INFO: Starting fpl_data_to_db
2026-04-15 17:39:46 - INFO: Finished fpl_data_to_db
2026-04-15 17:39:46 - INFO: Starting table_scrap
2026-04-15 17:39:46 - INFO: Finished table_scrap
2026-04-15 17:39:46 - INFO: Starting team_stats_scrap
